------------------------------------------------------------
Timing Analyzer Summary
------------------------------------------------------------

Type  : Slow 1100mV 85C Model Setup 'Clock_Sistema'
Slack : -89.486
TNS   : -13935.879

Type  : Slow 1100mV 85C Model Hold 'Clock_Sistema'
Slack : -0.481
TNS   : -0.481

Type  : Slow 1100mV 85C Model Minimum Pulse Width 'Clock_Sistema'
Slack : -7.125
TNS   : -9187.262

Type  : Slow 1100mV 0C Model Setup 'Clock_Sistema'
Slack : -88.943
TNS   : -13728.435

Type  : Slow 1100mV 0C Model Hold 'Clock_Sistema'
Slack : -0.771
TNS   : -0.771

Type  : Slow 1100mV 0C Model Minimum Pulse Width 'Clock_Sistema'
Slack : -6.858
TNS   : -8825.795

Type  : Fast 1100mV 85C Model Setup 'Clock_Sistema'
Slack : -42.517
TNS   : -6797.635

Type  : Fast 1100mV 85C Model Hold 'Clock_Sistema'
Slack : -0.185
TNS   : -0.185

Type  : Fast 1100mV 85C Model Minimum Pulse Width 'Clock_Sistema'
Slack : -3.462
TNS   : -3478.910

Type  : Fast 1100mV 0C Model Setup 'Clock_Sistema'
Slack : -37.965
TNS   : -6018.078

Type  : Fast 1100mV 0C Model Hold 'Clock_Sistema'
Slack : -0.255
TNS   : -0.255

Type  : Fast 1100mV 0C Model Minimum Pulse Width 'Clock_Sistema'
Slack : -3.082
TNS   : -3040.257

------------------------------------------------------------
