------------------------------------------------------------
Timing Analyzer Summary
------------------------------------------------------------

Type  : Slow 1100mV 85C Model Setup 'Clock_Sistema'
Slack : -2.824
TNS   : -202.558

Type  : Slow 1100mV 85C Model Hold 'Clock_Sistema'
Slack : 0.517
TNS   : 0.000

Type  : Slow 1100mV 85C Model Minimum Pulse Width 'Clock_Sistema'
Slack : -0.724
TNS   : -96.824

Type  : Slow 1100mV 0C Model Setup 'Clock_Sistema'
Slack : -2.835
TNS   : -204.462

Type  : Slow 1100mV 0C Model Hold 'Clock_Sistema'
Slack : 0.534
TNS   : 0.000

Type  : Slow 1100mV 0C Model Minimum Pulse Width 'Clock_Sistema'
Slack : -0.724
TNS   : -96.706

Type  : Fast 1100mV 85C Model Setup 'Clock_Sistema'
Slack : -0.521
TNS   : -27.719

Type  : Fast 1100mV 85C Model Hold 'Clock_Sistema'
Slack : 0.204
TNS   : 0.000

Type  : Fast 1100mV 85C Model Minimum Pulse Width 'Clock_Sistema'
Slack : -0.090
TNS   : -7.622

Type  : Fast 1100mV 0C Model Setup 'Clock_Sistema'
Slack : -0.429
TNS   : -21.447

Type  : Fast 1100mV 0C Model Hold 'Clock_Sistema'
Slack : 0.192
TNS   : 0.000

Type  : Fast 1100mV 0C Model Minimum Pulse Width 'Clock_Sistema'
Slack : -0.090
TNS   : -7.695

------------------------------------------------------------
